sh: 1: tsx: not found
> rest-express@1.0.0 dev
> NODE_ENV=development tsx server/index.ts
Application exited with code 127. This usually indicates that the command used to launch the application cannot be found. Check that the command used to launch your application is correct.
sh: 1: tsx: not found
Application exited with code 127. This usually indicates that the command used to launch the application cannot be found. Check that the command used to launch your application is correct.
> rest-express@1.0.0 dev
> NODE_ENV=development tsx server/index.ts
Instance stopped.
Instance created. Preparing to start...
Starting download for registry01.prod.koyeb.com/k-00a338a6-995e-4317-abfc-99986a89af8e/cf7c0ec7-aad2-446f-b1f0-ec292acbc586:709d61a5-e114-4640-989c-219e0bab14f7
Download progress:  75% |++++++--| (98.8 MiB/s)
Download progress:  75% |++++++--| (17.3 MiB/s)
Download complete for registry01.prod.koyeb.com/k-00a338a6-995e-4317-abfc-99986a89af8e/cf7c0ec7-aad2-446f-b1f0-ec292acbc586:709d61a5-e114-4640-989c-219e0bab14f7
Instance is starting... Waiting for health checks to pass.
Application exited with code 127. This usually indicates that the command used to launch the application cannot be found. Check that the command used to launch your application is correct.
sh: 1: tsx: not found
> rest-express@1.0.0 dev
> NODE_ENV=development tsx server/index.ts
sh: 1: tsx: not found
> rest-express@1.0.0 dev
> NODE_ENV=development tsx server/index.ts
Application exited with code 127. This usually indicates that the command used to launch the application cannot be found. Check that the command used to launch your application is correct.
Instance stopped.
Instance created. Preparing to start...
Starting download for registry01.prod.koyeb.com/k-00a338a6-995e-4317-abfc-99986a89af8e/cf7c0ec7-aad2-446f-b1f0-ec292acbc586:d5782635-8072-4c5d-b678-3a312e29061b
Download progress: 100% |++++++++| (34.0 MiB/s)
Download complete for registry01.prod.koyeb.com/k-00a338a6-995e-4317-abfc-99986a89af8e/cf7c0ec7-aad2-446f-b1f0-ec292acbc586:d5782635-8072-4c5d-b678-3a312e29061b
> rest-express@1.0.0 start
> NODE_ENV=production node dist/index.js
node:internal/modules/esm/resolve:873
  throw new ERR_MODULE_NOT_FOUND(packageName, fileURLToPath(base), null);
        ^
Error [ERR_MODULE_NOT_FOUND]: Cannot find package 'vite' imported from /app/dist/index.js
    at packageResolve (node:internal/modules/esm/resolve:873:9)
    at moduleResolve (node:internal/modules/esm/resolve:946:18)
    at defaultResolve (node:internal/modules/esm/resolve:1188:11)
    at ModuleLoader.defaultResolve (node:internal/modules/esm/loader:708:12)
    at #cachedDefaultResolve (node:internal/modules/esm/loader:657:25)
    at ModuleLoader.resolve (node:internal/modules/esm/loader:640:38)
    at ModuleLoader.getModuleJobForImport (node:internal/modules/esm/loader:264:38)
    at ModuleJob._link (node:internal/modules/esm/module_job:168:49) {
  code: 'ERR_MODULE_NOT_FOUND'
}
Node.js v20.19.5
Application exited with code 1. This usually indicates an application failure. Check that the command used to launch your application is correct.
> rest-express@1.0.0 start
> NODE_ENV=production node dist/index.js
node:internal/modules/esm/resolve:873
  throw new ERR_MODULE_NOT_FOUND(packageName, fileURLToPath(base), null);
        ^
Error [ERR_MODULE_NOT_FOUND]: Cannot find package 'vite' imported from /app/dist/index.js
    at packageResolve (node:internal/modules/esm/resolve:873:9)
    at moduleResolve (node:internal/modules/esm/resolve:946:18)
    at defaultResolve (node:internal/modules/esm/resolve:1188:11)
    at ModuleLoader.defaultResolve (node:internal/modules/esm/loader:708:12)
    at #cachedDefaultResolve (node:internal/modules/esm/loader:657:25)
    at ModuleLoader.resolve (node:internal/modules/esm/loader:640:38)
    at ModuleLoader.getModuleJobForImport (node:internal/modules/esm/loader:264:38)
    at ModuleJob._link (node:internal/modules/esm/module_job:168:49) {
  code: 'ERR_MODULE_NOT_FOUND'
}
Node.js v20.19.5
npm notice
npm notice New major version of npm available! 10.8.2 -> 11.6.2
npm notice Changelog: https://github.com/npm/cli/releases/tag/v11.6.2
npm notice To update run: npm install -g npm@11.6.2
